avocado_dataset.csv
,Date,AveragePrice,Total Volume,4046,4225,4770,Total Bags,Small Bags,Large Bags,XLarge Bags,type,year,region
0,2016-12-25,1.17,3329.28,18.38,24.23,0.0,3286.67,3286.67,0.0,0.0,organic,2016,MiamiFtLauderdale
1,2016-12-18,1.17,4166.56,3.7,16.19,0.0,4146.67,4146.67,0.0,0.0,organic,2016,MiamiFtLauderdale
2,2016-12-11,1.37,3471.8,13.41,28.39,0.0,3430.0,3430.0,0.0,0.0,organic,2016,MiamiFtLauderdale
3,2016-12-04,1.52,4028.26,2.0,16.26,0.0,4010.0,4010.0,0.0,0.0,organic,2016,MiamiFtLauderdale
4,2016-11-27,1.6,2084.95,15.57,2.71,0.0,2066.67,2036.67,30.0,0.0,organic,2016,MiamiFtLauderdale
5,2016-11-20,1.6,2157.46,6.44,17.68,0.0,2133.34,2113.34,20.0,0.0,organic,2016,MiamiFtLauderdale
6,2016-11-13,1.55,3847.1,6.81,13.62,0.0,3826.67,3800.0,26.67,0.0,organic,2016,MiamiFtLauderdale
7,2016-11-06,1.64,3297.5,10.89,29.95,0.0,3256.66,3243.33,13.33,0.0,organic,2016,MiamiFtLauderdale
8,2016-10-30,1.58,385.55,8.13,47.42,0.0,330.0,330.0,0.0,0.0,organic,2016,MiamiFtLauderdale
9,2016-10-23,1.58,542.85,8.14,81.38,0.0,453.33,450.0,3.33,0.0,organic,2016,MiamiFtLauderdale
10,2016-10-16,1.52,991.33,9.5,40.72,0.0,941.11,941.11,0.0,0.0,organic,2016,MiamiFtLauderdale
11,2016-10-09,1.45,1613.43,8.14,35.29,0.0,1570.0,1566.67,3.33,0.0,organic,2016,MiamiFtLauderdale
12,2016-10-02,1.49,472.82,10.5,18.99,0.0,443.33,440.0,3.33,0.0,organic,2016,MiamiFtLauderdale
13,2016-09-25,1.43,1041.31,16.55,20.32,0.0,1004.44,987.77,16.67,0.0,organic,2016,MiamiFtLauderdale
14,2016-09-18,1.36,3632.29,40.75,14.88,0.0,3576.66,3533.33,43.33,0.0,organic,2016,MiamiFtLauderdale
15,2016-09-11,1.36,3994.86,52.56,25.63,0.0,3916.67,3893.34,23.33,0.0,organic,2016,MiamiFtLauderdale
16,2016-09-04,1.36,6149.19,59.27,49.92,0.0,6040.0,5986.67,53.33,0.0,organic,2016,MiamiFtLauderdale
17,2016-08-28,1.36,3603.58,37.94,38.97,0.0,3526.67,3496.67,30.0,0.0,organic,2016,MiamiFtLauderdale
18,2016-08-21,1.34,5381.19,38.45,22.74,0.0,5320.0,5260.0,60.0,0.0,organic,2016,MiamiFtLauderdale
19,2016-08-14,1.34,6720.9,4.99,42.58,0.0,6673.33,6613.33,60.0,0.0,organic,2016,MiamiFtLauderdale
20,2016-08-07,1.33,3513.86,13.23,3.97,0.0,3496.66,3433.33,63.33,0.0,organic,2016,MiamiFtLauderdale
21,2016-07-31,1.22,4361.66,2.63,22.36,0.0,4336.67,4260.0,76.67,0.0,organic,2016,MiamiFtLauderdale
22,2016-07-24,1.19,6019.75,1.31,11.77,0.0,6006.67,5980.0,26.67,0.0,organic,2016,MiamiFtLauderdale
23,2016-07-17,1.33,4714.49,495.47,39.01,0.0,4180.01,4153.34,26.67,0.0,organic,2016,MiamiFtLauderdale
24,2016-07-10,1.49,4918.83,1223.55,28.48,0.0,3666.8,3616.8,50.0,0.0,organic,2016,MiamiFtLauderdale
25,2016-07-03,1.24,6525.8,1109.37,55.4,0.0,5361.03,5321.03,40.0,0.0,organic,2016,MiamiFtLauderdale
26,2016-06-26,1.39,4836.08,1526.49,62.92,0.0,3246.67,3226.67,20.0,0.0,organic,2016,MiamiFtLauderdale
27,2016-06-19,1.29,5180.22,977.06,48.63,0.0,4154.53,4144.53,10.0,0.0,organic,2016,MiamiFtLauderdale
28,2016-06-12,1.3,4524.0,948.33,25.68,0.0,3549.99,3536.66,13.33,0.0,organic,2016,MiamiFtLauderdale
29,2016-06-05,1.29,4859.13,952.74,6.39,0.0,3900.0,3880.0,20.0,0.0,organic,2016,MiamiFtLauderdale
30,2016-05-29,1.27,5931.42,851.52,16.57,0.0,5063.33,5043.33,20.0,0.0,organic,2016,MiamiFtLauderdale
31,2016-05-22,1.4,5366.43,843.16,33.27,0.0,4490.0,4486.67,3.33,0.0,organic,2016,MiamiFtLauderdale
32,2016-05-15,1.42,6346.82,757.35,34.54,0.0,5554.93,5548.26,6.67,0.0,organic,2016,MiamiFtLauderdale
33,2016-05-08,1.48,4317.01,932.93,14.08,0.0,3370.0,3363.33,6.67,0.0,organic,2016,MiamiFtLauderdale
34,2016-05-01,1.43,4107.48,667.74,6.41,0.0,3433.33,3430.0,3.33,0.0,organic,2016,MiamiFtLauderdale
35,2016-04-24,1.39,6498.57,1393.96,52.58,0.0,5052.03,5048.7,3.33,0.0,organic,2016,MiamiFtLauderdale
36,2016-04-17,1.57,2548.55,1072.9,11.55,0.0,1464.1,1464.1,0.0,0.0,organic,2016,MiamiFtLauderdale
37,2016-04-10,1.33,4177.97,1229.11,6.42,0.0,2942.44,2939.11,3.33,0.0,organic,2016,MiamiFtLauderdale
38,2016-04-03,1.32,4136.14,1191.05,18.01,0.0,2927.08,2923.75,3.33,0.0,organic,2016,MiamiFtLauderdale
39,2016-03-27,1.33,3982.06,1196.76,7.73,0.0,2777.57,2777.57,0.0,0.0,organic,2016,MiamiFtLauderdale
40,2016-03-20,1.33,3445.84,1044.24,11.6,0.0,2390.0,2390.0,0.0,0.0,organic,2016,MiamiFtLauderdale
41,2016-03-13,1.3,3678.06,935.58,9.03,0.0,2733.45,2726.78,6.67,0.0,organic,2016,MiamiFtLauderdale
42,2016-03-06,1.49,2403.4,980.58,7.75,0.0,1415.07,1401.74,13.33,0.0,organic,2016,MiamiFtLauderdale
43,2016-02-28,1.51,2199.14,845.57,11.64,0.0,1341.93,1305.26,36.67,0.0,organic,2016,MiamiFtLauderdale
44,2016-02-21,1.4,2774.54,726.48,2.58,0.0,2045.48,2042.15,3.33,0.0,organic,2016,MiamiFtLauderdale
45,2016-02-14,1.45,3336.03,1074.21,5.16,0.0,2256.66,2253.33,3.33,0.0,organic,2016,MiamiFtLauderdale
46,2016-02-07,1.44,3152.51,950.9,11.61,0.0,2190.0,2186.67,3.33,0.0,organic,2016,MiamiFtLauderdale
47,2016-01-31,1.54,1844.79,804.36,0.0,0.0,1040.43,1040.43,0.0,0.0,organic,2016,MiamiFtLauderdale
48,2016-01-24,1.42,3020.48,843.92,9.03,0.0,2167.53,2167.53,0.0,0.0,organic,2016,MiamiFtLauderdale
49,2016-01-17,1.49,2528.26,903.01,6.46,0.0,1618.79,1613.05,5.74,0.0,organic,2016,MiamiFtLauderdale
50,2016-01-10,1.52,4664.6,2068.15,32.27,0.0,2564.18,1341.37,1222.81,0.0,organic,2016,MiamiFtLauderdale
51,2016-01-03,1.24,15211.54,7202.5,76.06,0.0,7932.98,4887.58,3045.4,0.0,organic,2016,MiamiFtLauderdale
0,2016-12-25,1.85,8657.87,2182.46,3344.01,0.0,3131.4,3116.68,14.72,0.0,organic,2016,PhoenixTucson
1,2016-12-18,1.83,6977.44,1652.6,2712.82,0.0,2612.02,2609.34,2.68,0.0,organic,2016,PhoenixTucson
2,2016-12-11,1.83,8087.23,1880.06,3240.23,0.0,2966.94,2915.48,51.46,0.0,organic,2016,PhoenixTucson
3,2016-12-04,1.96,7009.95,2315.4,3214.55,0.0,1480.0,1469.13,10.87,0.0,organic,2016,PhoenixTucson
4,2016-11-27,2.01,6470.08,2026.07,2529.2,0.0,1914.81,1848.75,66.06,0.0,organic,2016,PhoenixTucson
5,2016-11-20,2.01,8076.24,2129.66,3053.09,0.0,2893.49,2789.23,104.26,0.0,organic,2016,PhoenixTucson
6,2016-11-13,1.86,11446.65,3176.7,3129.58,0.0,5140.37,4928.5,211.87,0.0,organic,2016,PhoenixTucson
7,2016-11-06,2.35,8304.78,3221.4,3921.27,0.0,1162.11,1048.78,113.33,0.0,organic,2016,PhoenixTucson
8,2016-10-30,2.62,5394.03,1436.7,3458.84,0.0,498.49,485.16,13.33,0.0,organic,2016,PhoenixTucson
9,2016-10-23,2.22,6017.53,2044.02,2692.05,0.0,1281.46,1219.25,62.21,0.0,organic,2016,PhoenixTucson
10,2016-10-16,2.04,8551.32,2904.44,3741.95,0.0,1904.93,1845.51,59.42,0.0,organic,2016,PhoenixTucson
11,2016-10-09,2.4,5962.78,1749.69,2997.36,0.0,1215.73,1109.07,106.66,0.0,organic,2016,PhoenixTucson
12,2016-10-02,2.62,5380.03,1149.6,3519.69,0.0,710.74,488.84,221.9,0.0,organic,2016,PhoenixTucson
13,2016-09-25,2.47,5578.01,1536.63,3147.8,0.0,893.58,843.36,50.22,0.0,organic,2016,PhoenixTucson
14,2016-09-18,2.13,7887.03,2974.46,3091.3,0.0,1821.27,1494.69,326.58,0.0,organic,2016,PhoenixTucson
15,2016-09-11,2.16,8839.2,3683.6,3191.71,0.0,1963.89,584.05,1379.84,0.0,organic,2016,PhoenixTucson
16,2016-09-04,2.15,8914.06,3684.64,3163.97,0.0,2065.45,561.55,1503.9,0.0,organic,2016,PhoenixTucson
17,2016-08-28,2.18,8525.59,3373.56,3328.41,0.0,1823.62,443.1,1380.52,0.0,organic,2016,PhoenixTucson
18,2016-08-21,2.08,9183.92,4111.69,2936.92,0.0,2135.31,523.78,1611.53,0.0,organic,2016,PhoenixTucson
19,2016-08-14,2.13,9220.95,3417.54,3561.51,0.0,2241.9,580.64,1661.26,0.0,organic,2016,PhoenixTucson
20,2016-08-07,2.13,9649.24,3640.62,3890.21,0.0,2118.41,434.11,1684.3,0.0,organic,2016,PhoenixTucson
21,2016-07-31,2.19,10363.16,4126.75,3944.27,0.0,2292.14,472.12,1820.02,0.0,organic,2016,PhoenixTucson
22,2016-07-24,2.08,11457.48,4721.06,4139.87,0.0,2596.55,462.43,2134.12,0.0,organic,2016,PhoenixTucson
23,2016-07-17,1.77,14216.44,6636.6,4590.54,0.0,2989.3,432.21,2557.09,0.0,organic,2016,PhoenixTucson
24,2016-07-10,1.82,13993.22,6134.5,4632.45,0.0,3226.27,420.59,2805.68,0.0,organic,2016,PhoenixTucson
25,2016-07-03,1.65,14055.26,6214.62,4300.63,0.0,3540.01,454.43,3085.58,0.0,organic,2016,PhoenixTucson
26,2016-06-26,1.66,13866.31,6127.86,4823.04,0.0,2915.41,647.76,2267.65,0.0,organic,2016,PhoenixTucson
27,2016-06-19,1.69,17096.49,5593.38,9679.7,0.0,1823.41,483.99,1339.42,0.0,organic,2016,PhoenixTucson
28,2016-06-12,1.51,14349.12,7296.89,5158.97,0.0,1893.26,1184.94,708.32,0.0,organic,2016,PhoenixTucson
29,2016-06-05,1.52,12699.87,5651.13,4638.32,0.0,2410.42,574.04,1836.38,0.0,organic,2016,PhoenixTucson
30,2016-05-29,1.47,19187.81,5317.34,11017.55,0.0,2852.92,415.23,2437.69,0.0,organic,2016,PhoenixTucson
31,2016-05-22,1.52,14664.1,5249.23,6143.97,0.0,3270.9,304.08,2966.82,0.0,organic,2016,PhoenixTucson
32,2016-05-15,1.37,23075.45,6930.33,11799.94,0.0,4345.18,418.79,3926.39,0.0,organic,2016,PhoenixTucson
33,2016-05-08,1.41,14187.6,6946.84,3839.13,0.0,3401.63,524.29,2877.34,0.0,organic,2016,PhoenixTucson
34,2016-05-01,1.3,19517.25,10862.94,3558.85,0.0,5095.46,1555.11,3540.35,0.0,organic,2016,PhoenixTucson
35,2016-04-24,1.39,33498.69,19534.98,9311.09,0.0,4652.62,1072.85,3579.77,0.0,organic,2016,PhoenixTucson
36,2016-04-17,1.53,18395.17,7150.42,8259.32,0.0,2985.43,729.14,2256.29,0.0,organic,2016,PhoenixTucson
37,2016-04-10,1.38,13919.54,6553.28,2194.66,0.0,5171.6,4130.9,1040.7,0.0,organic,2016,PhoenixTucson
38,2016-04-03,1.25,13281.61,7693.54,1683.6,0.0,3904.47,3146.03,758.44,0.0,organic,2016,PhoenixTucson
39,2016-03-27,1.54,11321.14,6596.67,2100.78,0.0,2623.69,2259.37,364.32,0.0,organic,2016,PhoenixTucson
40,2016-03-20,1.57,10097.84,5963.86,1870.27,0.0,2263.71,2071.02,192.69,0.0,organic,2016,PhoenixTucson
41,2016-03-13,1.47,11203.89,5809.9,1767.78,0.0,3626.21,3586.51,39.7,0.0,organic,2016,PhoenixTucson
42,2016-03-06,1.48,12436.96,5686.84,1413.65,0.0,5336.47,4871.62,464.85,0.0,organic,2016,PhoenixTucson
43,2016-02-28,1.52,10666.36,5123.85,1445.2,0.0,4097.31,3987.65,109.66,0.0,organic,2016,PhoenixTucson
44,2016-02-21,1.63,9223.0,4295.76,1488.34,0.0,3438.9,2820.83,618.07,0.0,organic,2016,PhoenixTucson
45,2016-02-14,1.34,12060.32,6179.97,1601.26,0.0,4279.09,3026.98,1252.11,0.0,organic,2016,PhoenixTucson
46,2016-02-07,1.6,9473.34,5808.71,991.9,0.0,2672.73,2400.51,272.22,0.0,organic,2016,PhoenixTucson
47,2016-01-31,1.53,8134.79,5035.0,1072.8,0.0,2026.99,1949.17,77.82,0.0,organic,2016,PhoenixTucson
48,2016-01-24,1.61,9059.12,5138.33,1669.21,0.0,2251.58,2187.87,63.71,0.0,organic,2016,PhoenixTucson
49,2016-01-17,1.46,10926.61,6758.37,1863.82,0.0,2304.42,2242.02,62.4,0.0,organic,2016,PhoenixTucson
50,2016-01-10,1.35,13145.55,7104.3,1765.35,0.0,4275.9,4178.82,97.08,0.0,organic,2016,PhoenixTucson
51,2016-01-03,1.61,10650.66,6889.43,1037.3,0.0,2723.93,2618.9,105.03,0.0,organic,2016,PhoenixTucson
0,2016-12-25,1.6,8198.42,169.38,3060.27,369.81,4598.96,4526.08,72.88,0.0,organic,2016,RaleighGreensboro
1,2016-12-18,1.6,6604.78,209.88,2560.94,291.87,3542.09,3393.19,148.9,0.0,organic,2016,RaleighGreensboro
2,2016-12-11,1.63,7685.91,129.38,3172.14,298.96,4085.43,3332.94,752.49,0.0,organic,2016,RaleighGreensboro
3,2016-12-04,2.01,7632.36,154.37,2819.23,259.21,4399.55,4028.71,370.84,0.0,organic,2016,RaleighGreensboro
4,2016-11-27,2.01,9854.3,194.1,2960.92,331.04,6368.24,5708.72,659.52,0.0,organic,2016,RaleighGreensboro
5,2016-11-20,1.87,12021.69,145.29,3001.66,444.56,8430.18,7327.79,1102.39,0.0,organic,2016,RaleighGreensboro
6,2016-11-13,1.85,10276.83,180.62,3018.43,418.35,6659.43,5476.23,1183.2,0.0,organic,2016,RaleighGreensboro
7,2016-11-06,1.85,13651.72,181.02,3574.45,446.81,9449.44,8399.24,1050.2,0.0,organic,2016,RaleighGreensboro
8,2016-10-30,1.83,13196.5,181.18,5746.73,603.36,6665.23,6482.54,182.69,0.0,organic,2016,RaleighGreensboro
9,2016-10-23,1.69,14742.89,171.92,6245.22,615.01,7710.74,6163.44,1547.3,0.0,organic,2016,RaleighGreensboro
10,2016-10-16,1.69,13121.67,168.46,5344.14,579.87,7029.2,6432.51,596.69,0.0,organic,2016,RaleighGreensboro
11,2016-10-09,1.65,14282.79,252.46,6045.5,665.88,7318.95,6449.47,869.48,0.0,organic,2016,RaleighGreensboro
12,2016-10-02,1.87,10464.63,190.0,4744.03,452.15,5078.45,4848.48,229.97,0.0,organic,2016,RaleighGreensboro
13,2016-09-25,1.81,12807.68,226.31,4839.49,424.31,7317.57,6302.22,1015.35,0.0,organic,2016,RaleighGreensboro
14,2016-09-18,1.85,12131.33,209.13,5138.18,450.72,6333.3,5827.18,506.12,0.0,organic,2016,RaleighGreensboro
15,2016-09-11,1.77,15909.84,217.23,5379.34,518.49,9794.78,8919.3,875.48,0.0,organic,2016,RaleighGreensboro
16,2016-09-04,1.83,14951.65,202.29,5615.18,591.32,8542.86,7280.01,1262.85,0.0,organic,2016,RaleighGreensboro
17,2016-08-28,1.79,14753.18,433.33,5340.54,561.53,8417.78,6859.91,1557.87,0.0,organic,2016,RaleighGreensboro
18,2016-08-21,1.83,15042.9,392.74,5555.08,665.32,8429.76,7972.64,457.12,0.0,organic,2016,RaleighGreensboro
19,2016-08-14,1.84,11554.22,265.19,5472.76,699.26,5117.01,4511.11,605.9,0.0,organic,2016,RaleighGreensboro
20,2016-08-07,1.65,15800.5,278.7,9029.94,1380.46,5111.4,3957.56,1153.84,0.0,organic,2016,RaleighGreensboro
21,2016-07-31,1.68,15250.82,326.34,7146.4,1131.55,6646.53,6307.47,339.06,0.0,organic,2016,RaleighGreensboro
22,2016-07-24,1.72,15012.57,285.28,6934.87,1420.55,6371.87,5946.47,425.4,0.0,organic,2016,RaleighGreensboro
23,2016-07-17,1.76,12786.12,340.07,4953.1,1036.51,6456.44,5924.3,532.14,0.0,organic,2016,RaleighGreensboro
24,2016-07-10,1.87,10162.11,331.62,3715.44,647.37,5467.68,5254.34,213.34,0.0,organic,2016,RaleighGreensboro
25,2016-07-03,1.88,9151.31,241.13,3230.39,722.22,4957.57,4771.44,186.13,0.0,organic,2016,RaleighGreensboro
26,2016-06-26,1.72,9221.49,262.57,3228.8,598.52,5131.6,4326.78,804.82,0.0,organic,2016,RaleighGreensboro
27,2016-06-19,1.78,8904.41,250.6,3228.2,590.05,4835.56,4322.81,512.75,0.0,organic,2016,RaleighGreensboro
28,2016-06-12,1.7,9781.95,229.34,3677.21,468.7,5406.7,4380.13,1026.57,0.0,organic,2016,RaleighGreensboro
29,2016-06-05,1.58,10195.92,222.38,4199.73,464.78,5309.03,4237.68,1071.35,0.0,organic,2016,RaleighGreensboro
30,2016-05-29,1.8,8580.11,235.45,3673.93,404.27,4266.46,3765.03,501.43,0.0,organic,2016,RaleighGreensboro
31,2016-05-22,1.33,8390.24,197.54,3105.84,338.68,4748.18,3330.0,1418.18,0.0,organic,2016,RaleighGreensboro
32,2016-05-15,1.66,6628.06,281.92,3879.17,441.75,2025.22,1946.67,78.55,0.0,organic,2016,RaleighGreensboro
33,2016-05-08,1.65,6930.97,322.96,3842.19,492.76,2273.06,2044.82,228.24,0.0,organic,2016,RaleighGreensboro
34,2016-05-01,1.59,6514.47,228.79,3675.04,494.23,2116.41,1923.15,193.26,0.0,organic,2016,RaleighGreensboro
35,2016-04-24,1.61,5854.3,157.49,3368.46,437.29,1891.06,1791.35,99.71,0.0,organic,2016,RaleighGreensboro
36,2016-04-17,1.49,6440.23,211.2,2959.0,321.24,2948.79,2501.42,447.37,0.0,organic,2016,RaleighGreensboro
37,2016-04-10,1.33,7370.7,170.25,2878.73,336.06,3985.66,3421.08,564.58,0.0,organic,2016,RaleighGreensboro
38,2016-04-03,1.73,4879.21,157.92,3254.39,392.31,1074.59,850.0,224.59,0.0,organic,2016,RaleighGreensboro
39,2016-03-27,1.43,5902.81,137.26,2547.68,330.32,2887.55,2230.0,657.55,0.0,organic,2016,RaleighGreensboro
40,2016-03-20,1.42,5259.38,191.84,2696.92,326.8,2043.82,1020.0,1023.82,0.0,organic,2016,RaleighGreensboro
41,2016-03-13,1.54,5341.4,264.15,2611.43,314.31,2151.51,1780.0,371.51,0.0,organic,2016,RaleighGreensboro
42,2016-03-06,1.79,3720.67,155.88,2740.17,376.34,448.28,443.33,4.95,0.0,organic,2016,RaleighGreensboro
43,2016-02-28,1.71,4245.43,231.06,2720.09,362.68,931.6,901.61,29.99,0.0,organic,2016,RaleighGreensboro
44,2016-02-21,1.76,3564.84,211.91,2287.77,382.96,682.2,660.0,22.2,0.0,organic,2016,RaleighGreensboro
45,2016-02-14,1.59,4235.48,183.68,1987.42,397.71,1666.67,1297.39,369.28,0.0,organic,2016,RaleighGreensboro
46,2016-02-07,1.54,5562.26,215.41,2621.54,515.02,2210.29,1280.7,929.59,0.0,organic,2016,RaleighGreensboro
47,2016-01-31,1.56,5730.24,188.11,2631.57,447.6,2462.96,1821.85,641.11,0.0,organic,2016,RaleighGreensboro
48,2016-01-24,1.59,5276.31,113.48,2235.52,416.47,2510.84,2409.12,101.72,0.0,organic,2016,RaleighGreensboro
49,2016-01-17,1.66,4137.6,147.2,2088.92,436.7,1464.78,1260.66,204.12,0.0,organic,2016,RaleighGreensboro
50,2016-01-10,1.59,6504.77,144.97,3048.57,533.83,2777.4,2217.35,560.05,0.0,organic,2016,RaleighGreensboro
51,2016-01-03,1.68,4884.82,156.67,2420.08,558.31,1749.76,1386.15,363.61,0.0,organic,2016,RaleighGreensboro
