avocado_dataset.csv
,Date,AveragePrice,Total Volume,4046,4225,4770,Total Bags,Small Bags,Large Bags,XLarge Bags,type,year,region
0,2016-12-25,1.36,4173.63,1490.35,349.44,0.0,2333.84,1183.98,1149.86,0.0,organic,2016,StLouis
1,2016-12-18,1.35,5402.48,2019.34,548.82,0.0,2834.32,730.0,2104.32,0.0,organic,2016,StLouis
2,2016-12-11,1.53,5358.18,1761.25,573.98,0.0,3022.95,947.22,2075.73,0.0,organic,2016,StLouis
3,2016-12-04,1.43,5860.55,1873.62,421.89,0.0,3565.04,563.33,3001.71,0.0,organic,2016,StLouis
4,2016-11-27,1.14,9149.56,1662.91,372.34,0.0,7114.31,1130.0,5984.31,0.0,organic,2016,StLouis
5,2016-11-20,1.04,10510.27,1377.36,537.0,0.0,8595.91,1375.01,7220.9,0.0,organic,2016,StLouis
6,2016-11-13,1.49,6840.22,1944.42,545.57,0.0,4350.23,1526.66,2823.57,0.0,organic,2016,StLouis
7,2016-11-06,1.29,7312.47,2297.63,404.07,0.0,4610.77,895.0,3715.77,0.0,organic,2016,StLouis
8,2016-10-30,1.0,6655.57,800.43,637.41,0.0,5217.73,420.0,4797.73,0.0,organic,2016,StLouis
9,2016-10-23,1.12,10673.47,2556.24,835.53,0.0,7281.7,197.22,7084.48,0.0,organic,2016,StLouis
10,2016-10-16,1.6,8973.5,2383.54,1980.2,0.0,4609.76,836.11,3773.65,0.0,organic,2016,StLouis
11,2016-10-09,1.23,8098.83,320.93,1234.08,0.0,6543.82,1153.33,5390.49,0.0,organic,2016,StLouis
12,2016-10-02,1.23,6734.06,572.55,704.25,0.0,5457.26,892.77,4564.49,0.0,organic,2016,StLouis
13,2016-09-25,1.5,5873.36,1707.38,708.57,0.0,3457.41,1017.25,2440.16,0.0,organic,2016,StLouis
14,2016-09-18,1.54,6740.24,2418.28,838.57,0.0,3483.39,711.99,2771.4,0.0,organic,2016,StLouis
15,2016-09-11,1.52,4993.15,1134.32,1259.36,0.0,2599.47,55.38,2544.09,0.0,organic,2016,StLouis
16,2016-09-04,1.06,8505.41,2817.65,568.62,0.0,5119.14,55.48,5063.66,0.0,organic,2016,StLouis
17,2016-08-28,1.04,10875.76,2752.04,1084.38,23.57,7015.77,550.24,6465.53,0.0,organic,2016,StLouis
18,2016-08-21,1.88,8616.4,3154.25,2593.44,70.63,2798.08,2788.08,10.0,0.0,organic,2016,StLouis
19,2016-08-14,1.97,7008.59,2390.91,2720.52,16.27,1880.89,1526.11,354.78,0.0,organic,2016,StLouis
20,2016-08-07,1.77,8063.78,2307.37,2240.62,21.65,3494.14,3490.81,3.33,0.0,organic,2016,StLouis
21,2016-07-31,1.57,9269.91,2001.3,1662.32,52.23,5554.06,5547.39,6.67,0.0,organic,2016,StLouis
22,2016-07-24,1.69,7057.4,1567.5,1835.55,7.19,3647.16,3647.16,0.0,0.0,organic,2016,StLouis
23,2016-07-17,2.0,5499.33,1440.8,2535.31,0.0,1523.22,1523.22,0.0,0.0,organic,2016,StLouis
24,2016-07-10,1.74,5055.17,423.98,1915.03,0.0,2716.16,2716.16,0.0,0.0,organic,2016,StLouis
25,2016-07-03,1.75,4788.38,398.73,1834.52,8.94,2546.19,2546.19,0.0,0.0,organic,2016,StLouis
26,2016-06-26,1.74,7231.64,1646.65,1916.95,21.42,3646.62,3646.62,0.0,0.0,organic,2016,StLouis
27,2016-06-19,1.83,7924.1,2678.04,2060.17,8.9,3176.99,3176.99,0.0,0.0,organic,2016,StLouis
28,2016-06-12,1.72,8338.7,2197.91,2158.0,1.77,3981.02,3957.44,23.58,0.0,organic,2016,StLouis
29,2016-06-05,1.96,7048.29,2336.22,2701.21,0.0,2010.86,2010.86,0.0,0.0,organic,2016,StLouis
30,2016-05-29,2.2,4151.27,2177.62,1738.92,3.52,231.21,218.09,13.12,0.0,organic,2016,StLouis
31,2016-05-22,2.03,5259.2,2152.85,2715.23,3.51,387.61,304.62,82.99,0.0,organic,2016,StLouis
32,2016-05-15,1.69,6797.21,2767.39,1279.65,0.0,2750.17,315.53,2434.64,0.0,organic,2016,StLouis
33,2016-05-08,1.47,5666.7,1939.42,608.58,0.0,3118.7,155.45,2963.25,0.0,organic,2016,StLouis
34,2016-05-01,1.3,5153.05,1408.4,528.99,0.0,3215.66,0.0,3215.66,0.0,organic,2016,StLouis
35,2016-04-24,0.69,12272.56,1593.69,510.56,5.23,10163.08,7.74,10155.34,0.0,organic,2016,StLouis
36,2016-04-17,1.21,4042.51,1101.45,422.83,0.0,2518.23,0.0,2518.23,0.0,organic,2016,StLouis
37,2016-04-10,0.58,14137.4,668.77,489.85,0.0,12978.78,61.76,12917.02,0.0,organic,2016,StLouis
38,2016-04-03,0.75,10883.38,1433.66,498.14,5.21,8946.37,11.57,8934.8,0.0,organic,2016,StLouis
39,2016-03-27,0.88,11880.74,2743.43,473.79,0.0,8663.52,26.47,8637.05,0.0,organic,2016,StLouis
40,2016-03-20,0.9,12334.46,1490.01,578.29,0.0,10266.16,199.63,10066.53,0.0,organic,2016,StLouis
41,2016-03-13,1.1,7739.62,1855.25,429.47,1.74,5453.16,66.9,5386.26,0.0,organic,2016,StLouis
42,2016-03-06,1.82,4095.43,1975.45,548.25,1.74,1569.99,20.0,1549.99,0.0,organic,2016,StLouis
43,2016-02-28,0.9,11358.36,2968.08,629.17,0.0,7761.11,20.0,7741.11,0.0,organic,2016,StLouis
44,2016-02-21,0.82,12382.8,1078.6,801.1,3.49,10499.61,20.55,10479.06,0.0,organic,2016,StLouis
45,2016-02-14,1.71,4744.15,1732.47,659.07,0.0,2352.61,41.1,2311.51,0.0,organic,2016,StLouis
46,2016-02-07,1.63,4026.22,1245.18,640.98,0.0,2140.06,23.89,2116.17,0.0,organic,2016,StLouis
47,2016-01-31,0.91,8047.41,1065.99,618.9,0.0,6362.52,28.36,6334.16,0.0,organic,2016,StLouis
48,2016-01-24,0.68,15106.42,1490.93,595.22,5.27,13015.0,66.82,12948.18,0.0,organic,2016,StLouis
49,2016-01-17,0.98,8688.58,1669.28,655.91,0.0,6363.39,396.29,5967.1,0.0,organic,2016,StLouis
50,2016-01-10,1.42,6987.04,2159.08,669.21,0.0,4158.75,926.19,3232.56,0.0,organic,2016,StLouis
51,2016-01-03,0.86,10026.13,1303.08,932.82,5.29,7784.94,83.92,7701.02,0.0,organic,2016,StLouis
0,2016-12-25,1.69,1016.97,113.18,147.13,0.0,756.66,756.66,0.0,0.0,organic,2016,Syracuse
1,2016-12-18,1.63,1106.24,11.28,106.56,0.0,988.4,988.4,0.0,0.0,organic,2016,Syracuse
2,2016-12-11,1.77,1584.0,0.0,171.2,0.0,1412.8,1391.97,20.83,0.0,organic,2016,Syracuse
3,2016-12-04,1.83,1687.32,0.0,186.86,0.0,1500.46,1471.39,29.07,0.0,organic,2016,Syracuse
4,2016-11-27,1.86,775.8,0.0,101.8,0.0,674.0,674.0,0.0,0.0,organic,2016,Syracuse
5,2016-11-20,1.77,1573.28,3.71,39.58,0.0,1529.99,1529.99,0.0,0.0,organic,2016,Syracuse
6,2016-11-13,1.81,892.02,0.0,67.8,0.0,824.22,824.22,0.0,0.0,organic,2016,Syracuse
7,2016-11-06,1.7,1141.59,1.0,105.72,0.0,1034.87,1034.87,0.0,0.0,organic,2016,Syracuse
8,2016-10-30,1.73,667.95,4.91,57.64,0.0,605.4,605.4,0.0,0.0,organic,2016,Syracuse
9,2016-10-23,1.69,961.36,0.0,37.97,0.0,923.39,923.39,0.0,0.0,organic,2016,Syracuse
10,2016-10-16,1.61,795.95,0.0,50.17,0.0,745.78,745.78,0.0,0.0,organic,2016,Syracuse
11,2016-10-09,1.6,1007.51,0.0,68.44,0.0,939.07,939.07,0.0,0.0,organic,2016,Syracuse
12,2016-10-02,1.59,1233.27,0.0,76.93,0.0,1156.34,1156.34,0.0,0.0,organic,2016,Syracuse
13,2016-09-25,1.6,1233.92,0.0,97.67,0.0,1136.25,1136.25,0.0,0.0,organic,2016,Syracuse
14,2016-09-18,1.51,1953.97,8.88,69.6,0.0,1875.49,1875.49,0.0,0.0,organic,2016,Syracuse
15,2016-09-11,1.54,1614.87,6.1,95.22,0.0,1513.55,1513.55,0.0,0.0,organic,2016,Syracuse
16,2016-09-04,1.56,1844.23,10.97,107.31,0.0,1725.95,1725.95,0.0,0.0,organic,2016,Syracuse
17,2016-08-28,1.54,1739.66,6.1,184.31,0.0,1549.25,1549.25,0.0,0.0,organic,2016,Syracuse
18,2016-08-21,1.53,2472.9,7.34,157.78,0.0,2307.78,2307.78,0.0,0.0,organic,2016,Syracuse
19,2016-08-14,1.53,1391.44,12.41,124.07,0.0,1254.96,1254.96,0.0,0.0,organic,2016,Syracuse
20,2016-08-07,1.54,2292.45,7.46,172.85,0.0,2112.14,2112.14,0.0,0.0,organic,2016,Syracuse
21,2016-07-31,1.41,1491.19,7.47,99.66,0.0,1384.06,1283.71,100.35,0.0,organic,2016,Syracuse
22,2016-07-24,1.45,1934.1,3.74,159.63,0.0,1770.73,1393.82,376.91,0.0,organic,2016,Syracuse
23,2016-07-17,1.6,2561.43,0.0,188.49,0.0,2372.94,1618.42,754.52,0.0,organic,2016,Syracuse
24,2016-07-10,1.64,2872.1,0.0,51.22,0.0,2820.88,2024.16,796.72,0.0,organic,2016,Syracuse
25,2016-07-03,1.68,2948.8,0.0,111.26,0.0,2837.54,1715.2,1122.34,0.0,organic,2016,Syracuse
26,2016-06-26,1.68,2132.15,0.0,103.7,0.0,2028.45,1317.67,710.78,0.0,organic,2016,Syracuse
27,2016-06-19,1.71,2581.34,0.0,116.16,0.0,2465.18,1246.65,1218.53,0.0,organic,2016,Syracuse
28,2016-06-12,1.49,2790.56,0.0,134.1,0.0,2656.46,1384.44,1272.02,0.0,organic,2016,Syracuse
29,2016-06-05,1.42,3058.43,0.0,106.83,0.0,2951.6,1899.83,1051.77,0.0,organic,2016,Syracuse
30,2016-05-29,1.55,2913.64,0.0,328.12,0.0,2585.52,1246.03,1339.49,0.0,organic,2016,Syracuse
31,2016-05-22,1.45,3696.52,0.0,380.34,0.0,3316.18,2410.89,905.29,0.0,organic,2016,Syracuse
32,2016-05-15,1.45,3438.24,1.24,162.57,0.0,3274.43,2427.81,846.62,0.0,organic,2016,Syracuse
33,2016-05-08,1.56,4156.13,0.0,168.54,0.0,3987.59,2181.06,1806.53,0.0,organic,2016,Syracuse
34,2016-05-01,1.54,3118.81,0.0,113.94,0.0,3004.87,1874.19,1130.68,0.0,organic,2016,Syracuse
35,2016-04-24,1.63,3752.94,0.0,232.87,0.0,3520.07,1805.18,1714.89,0.0,organic,2016,Syracuse
36,2016-04-17,1.71,2326.56,0.0,145.04,0.0,2181.52,889.55,1291.97,0.0,organic,2016,Syracuse
37,2016-04-10,1.59,3412.46,0.0,155.06,0.0,3257.4,1440.82,1816.58,0.0,organic,2016,Syracuse
38,2016-04-03,1.46,2724.46,0.0,75.68,0.0,2648.78,1686.54,962.24,0.0,organic,2016,Syracuse
39,2016-03-27,1.57,2668.42,0.0,103.24,0.0,2565.18,1290.54,1274.64,0.0,organic,2016,Syracuse
40,2016-03-20,1.54,3134.02,0.0,142.95,0.0,2991.07,1678.97,1312.1,0.0,organic,2016,Syracuse
41,2016-03-13,1.66,2357.86,0.0,154.45,0.0,2203.41,889.72,1313.69,0.0,organic,2016,Syracuse
42,2016-03-06,2.09,2090.95,0.0,225.45,0.0,1865.5,520.25,1345.25,0.0,organic,2016,Syracuse
43,2016-02-28,1.62,3092.98,0.0,94.74,0.0,2998.24,856.96,2141.28,0.0,organic,2016,Syracuse
44,2016-02-21,1.71,2389.56,0.0,68.66,0.0,2320.9,900.51,1420.39,0.0,organic,2016,Syracuse
45,2016-02-14,1.96,1909.55,0.0,141.31,0.0,1768.24,1309.94,458.3,0.0,organic,2016,Syracuse
46,2016-02-07,2.06,3082.71,1.25,172.76,0.0,2908.7,797.23,2111.47,0.0,organic,2016,Syracuse
47,2016-01-31,1.98,1871.93,0.0,155.32,0.0,1716.61,642.19,1074.42,0.0,organic,2016,Syracuse
48,2016-01-24,1.64,809.41,1.25,113.89,0.0,694.27,691.49,2.78,0.0,organic,2016,Syracuse
49,2016-01-17,1.53,1478.04,6.25,226.16,0.0,1245.63,1192.88,52.75,0.0,organic,2016,Syracuse
50,2016-01-10,1.54,1708.27,0.0,138.34,0.0,1569.93,1240.35,329.58,0.0,organic,2016,Syracuse
51,2016-01-03,1.46,1621.21,1.24,72.14,0.0,1547.83,845.74,702.09,0.0,organic,2016,Syracuse
